
<h1>Markdown: Syntax</h1>

<ul>
  <li><a href="#overview">Overview</a>  <ul>
    <li><a href="#philosophy">Philosophy</a></li>
    <li><a href="#html">Inline HTML</a></li>
    <li><a href="#autoescape">Automatic Escaping for Special Characters</a></li>
  </ul></li>
  <li><a href="#block">Block Elements</a>  <ul>
    <li><a href="#p">Paragraphs and Line Breaks</a></li>
    <li><a href="#header">Headers</a></li>
    <li><a href="#blockquote">Blockquotes</a></li>
    <li><a href="#list">Lists</a></li>
    <li><a href="#precode">Code Blocks</a></li>
    <li><a href="#hr">Horizontal Rules</a></li>
  </ul></li>
  <li><a href="#span">Span Elements</a>  <ul>
    <li><a href="#link">Links</a></li>
    <li><a href="#em">Emphasis</a></li>
    <li><a href="#code">Code</a></li>
    <li><a href="#img">Images</a></li>
  </ul></li>
  <li><a href="#misc">Miscellaneous</a>  <ul>
    <li><a href="#backslash">Backslash Escapes</a></li>
    <li><a href="#autolink">Automatic Links</a></li>
  </ul></li>
</ul>

<p><strong>Note:</strong> This document is itself written using Markdown; youcan <a href="/projects/markdown/syntax.text">see the source for it by adding &apos;.text&apos; to the URL</a>.</p>

<hr/>

<h2>Overview</h2>

<h3>Philosophy</h3>

<p>Markdown is intended to be as easy-to-read and easy-to-write as is feasible.</p>

<p>Readability, however, is emphasized above all else. A Markdown-formatteddocument should be publishable as-is, as plain text, without lookinglike it&apos;s been marked up with tags or formatting instructions. WhileMarkdown&apos;s syntax has been influenced by several existing text-to-HTMLfilters -- including <a href="http://docutils.sourceforge.net/mirror/setext.html">Setext</a>, <a href="http://www.aaronsw.com/2002/atx/">atx</a>, <a href="http://textism.com/tools/textile/">Textile</a>, <a href="http://docutils.sourceforge.net/rst.html">reStructuredText</a>,<a href="http://www.triptico.com/software/grutatxt.html">Grutatext</a>, and <a href="http://ettext.taint.org/doc/">EtText</a> -- the single biggest source ofinspiration for Markdown&apos;s syntax is the format of plain text email.</p>

<h2>Block Elements</h2>

<h3>Paragraphs and Line Breaks</h3>

<p>A paragraph is simply one or more consecutive lines of text, separatedby one or more blank lines. (A blank line is any line that looks like ablank line -- a line containing nothing but spaces or tabs is consideredblank.) Normal paragraphs should not be indented with spaces or tabs.</p>

<p>The implication of the &quot;one or more consecutive lines of text&quot; rule isthat Markdown supports &quot;hard-wrapped&quot; text paragraphs. This differssignificantly from most other text-to-HTML formatters (including MovableType&apos;s &quot;Convert Line Breaks&quot; option) which translate every line breakcharacter in a paragraph into a <code>&lt;br /&gt;</code> tag.</p>

<p>When you <em>do</em> want to insert a <code>&lt;br /&gt;</code> break tag using Markdown, youend a line with two or more spaces, then type return.</p>

<h3>Headers</h3>

<p>Markdown supports two styles of headers, [Setext] [1] and [atx] [2].</p>

<p>Optionally, you may &quot;close&quot; atx-style headers. This is purelycosmetic -- you can use this if you think it looks better. Theclosing hashes don&apos;t even need to match the number of hashesused to open the header. (The number of opening hashesdetermines the header level.)</p>

<h3>Blockquotes</h3>

<p>Markdown uses email-style <code>&gt;</code> characters for blockquoting. If you&apos;refamiliar with quoting passages of text in an email message, then youknow how to create a blockquote in Markdown. It looks best if you hardwrap the text and put a <code>&gt;</code> before every line:</p>

<p>&gt; This is a blockquote with two paragraphs. Lorem ipsum dolor sit amet,&gt; consectetuer adipiscing elit. Aliquam hendrerit mi posuere lectus.&gt; Vestibulum enim wisi, viverra nec, fringilla in, laoreet vitae, risus.&gt; &gt; Donec sit amet nisl. Aliquam semper ipsum sit amet velit. Suspendisse&gt; id sem consectetuer libero luctus adipiscing.</p>

<p>Markdown allows you to be lazy and only put the <code>&gt;</code> before the firstline of a hard-wrapped paragraph:</p>

<p>&gt; This is a blockquote with two paragraphs. Lorem ipsum dolor sit amet,consectetuer adipiscing elit. Aliquam hendrerit mi posuere lectus.Vestibulum enim wisi, viverra nec, fringilla in, laoreet vitae, risus.</p>

<p>&gt; Donec sit amet nisl. Aliquam semper ipsum sit amet velit. Suspendisseid sem consectetuer libero luctus adipiscing.</p>

<p>Blockquotes can be nested (i.e. a blockquote-in-a-blockquote) byadding additional levels of <code>&gt;</code>:</p>

<p>&gt; This is the first level of quoting.&gt;&gt; &gt; This is nested blockquote.&gt;&gt; Back to the first level.</p>

<p>Blockquotes can contain other Markdown elements, including headers, lists,and code blocks:</p>

<p>&gt;</p>

<h2>This is a header.</h2>

<p>&gt; &gt; 1. This is the first list item.&gt; 2. This is the second list item.&gt; &gt; Here&apos;s some example code:&gt; &gt; return shell<em>exec(&quot;echo $input | $markdown</em>script&quot;);</p>

<p>Any decent text editor should make email-style quoting easy. Forexample, with BBEdit, you can make a selection and choose IncreaseQuote Level from the Text menu.</p>

<h3>Lists</h3>

<p>Markdown supports ordered (numbered) and unordered (bulleted) lists.</p>

<p>Unordered lists use asterisks, pluses, and hyphens -- interchangably-- as list markers:</p>

<ul>
  <li>Red</li>
  <li>Green</li>
  <li>Blue</li>
</ul>

<p>is equivalent to:</p>

<ul>
  <li>Red</li>
  <li>Green</li>
  <li>Blue</li>
</ul>

<p>and:</p>

<ul>
  <li>Red</li>
  <li>Green</li>
  <li>Blue</li>
</ul>

<p>Ordered lists use numbers followed by periods:</p>

<ol>
  <li>Bird</li>
  <li>McHale</li>
  <li>Parish</li>
</ol>

<p>It&apos;s important to note that the actual numbers you use to mark thelist have no effect on the HTML output Markdown produces. The HTMLMarkdown produces from the above list is:</p>

<p>If you instead wrote the list in Markdown like this:</p>

<ol>
  <li>Bird</li>
  <li>McHale</li>
  <li>Parish</li>
</ol>

<p>or even:</p>

<ol>
  <li>Bird</li>
  <li>McHale</li>
  <li>Parish</li>
</ol>

<p>you&apos;d get the exact same HTML output. The point is, if you want to,you can use ordinal numbers in your ordered Markdown lists, so thatthe numbers in your source match the numbers in your published HTML.But if you want to be lazy, you don&apos;t have to.</p>

<p>To make lists look nice, you can wrap items with hanging indents:</p>

<ul>
  <li>Lorem ipsum dolor sit amet, consectetuer adipiscing elit. Aliquam hendrerit mi posuere lectus. Vestibulum enim wisi, viverra nec, fringilla in, laoreet vitae, risus.</li>
  <li>Donec sit amet nisl. Aliquam semper ipsum sit amet velit. Suspendisse id sem consectetuer libero luctus adipiscing.</li>
</ul>

<p>But if you want to be lazy, you don&apos;t have to:</p>

<ul>
  <li>Lorem ipsum dolor sit amet, consectetuer adipiscing elit.Aliquam hendrerit mi posuere lectus. Vestibulum enim wisi,viverra nec, fringilla in, laoreet vitae, risus.</li>
  <li>Donec sit amet nisl. Aliquam semper ipsum sit amet velit.Suspendisse id sem consectetuer libero luctus adipiscing.</li>
</ul>

<p>List items may consist of multiple paragraphs. Each subsequentparagraph in a list item must be indented by either 4 spacesor one tab:</p>

<ol>
  <li>This is a list item with two paragraphs. Lorem ipsum dolor sit amet, consectetuer adipiscing elit. Aliquam hendrerit mi posuere lectus.</li>
</ol>

<p> Vestibulum enim wisi, viverra nec, fringilla in, laoreet vitae, risus. Donec sit amet nisl. Aliquam semper ipsum sit amet velit.</p>

<ol>
  <li>Suspendisse id sem consectetuer libero luctus adipiscing.</li>
</ol>

<p>It looks nice if you indent every line of the subsequentparagraphs, but here again, Markdown will allow you to belazy:</p>

<ul>
  <li>This is a list item with two paragraphs.</li>
</ul>

<p> This is the second paragraph in the list item. You&apos;reonly required to indent the first line. Lorem ipsum dolorsit amet, consectetuer adipiscing elit.</p>

<ul>
  <li>Another item in the same list.</li>
</ul>

<p>To put a blockquote within a list item, the blockquote&apos;s <code>&gt;</code>delimiters need to be indented:</p>

<ul>
  <li>A list item with a blockquote:</li>
</ul>

<p> &gt; This is a blockquote &gt; inside a list item.</p>

<p>To put a code block within a list item, the code block needsto be indented <em>twice</em> -- 8 spaces or two tabs:</p>

<ul>
  <li>A list item with a code block:</li>
</ul>

<p> &lt;code goes here&gt;</p>

<h3>Code Blocks</h3>

<p>Pre-formatted code blocks are used for writing about programming ormarkup source code. Rather than forming normal paragraphs, the linesof a code block are interpreted literally. Markdown wraps a code blockin both <code>&lt;pre&gt;</code> and <code>&lt;code&gt;</code> tags.</p>

<p>To produce a code block in Markdown, simply indent every line of theblock by at least 4 spaces or 1 tab.</p>

<p>This is a normal paragraph:</p>

<p>This is a code block.</p>

<p>Here is an example of AppleScript:</p>

<p>tell application &quot;Foo&quot; beep end tell</p>

<p>A code block continues until it reaches a line that is not indented(or the end of the article).</p>

<p>Within a code block, ampersands (<code>&amp;</code>) and angle brackets (<code>&lt;</code> and <code>&gt;</code>)are automatically converted into HTML entities. This makes it veryeasy to include example HTML source code using Markdown -- just pasteit and indent it, and Markdown will handle the hassle of encoding theampersands and angle brackets. For example, this:</p>

<p>&lt;div class=&quot;footer&quot;&gt; &amp;copy; 2004 Foo Corporation &lt;/div&gt;</p>

<p>Regular Markdown syntax is not processed within code blocks. E.g.,asterisks are just literal asterisks within a code block. This meansit&apos;s also easy to use Markdown to write about Markdown&apos;s own syntax.</p>

<pre><code>tell application &quot;Foo&quot;
    beep
end tell</code></pre>

<h2>Span Elements</h2>

<h3>Links</h3>

<p>Markdown supports two style of links: <em>inline</em> and <em>reference</em>.</p>

<p>In both styles, the link text is delimited by [square brackets].</p>

<p>To create an inline link, use a set of regular parentheses immediatelyafter the link text&apos;s closing square bracket. Inside the parentheses,put the URL where you want the link to point, along with an <em>optional</em>title for the link, surrounded in quotes. For example:</p>

<p>This is <a href="http://example.com/">an example</a> inline link.</p>

<p><a href="http://example.net/">This link</a> has no title attribute.</p>

<h3>Emphasis</h3>

<p>Markdown treats asterisks (<code>*</code>) and underscores (<code>_</code>) as indicators ofemphasis. Text wrapped with one <code>*</code> or <code>_</code> will be wrapped with anHTML <code>&lt;em&gt;</code> tag; double <code>*</code>&apos;s or <code>_</code>&apos;s will be wrapped with an HTML<code>&lt;strong&gt;</code> tag. E.g., this input:</p>

<p><em>single asterisks</em></p>

<p><em>single underscores</em></p>

<p><strong>double asterisks</strong></p>

<p><strong>double underscores</strong></p>

<h3>Code</h3>

<p>To indicate a span of code, wrap it with backtick quotes (<code>`</code>).Unlike a pre-formatted code block, a code span indicates code within anormal paragraph. For example:</p>

<p>Use the <code>printf()</code> function.</p>
